<?xml version="1.0"?>
<link_info>
   <banner>TI ARM Linker PC v16.9.6.LTS</banner>
   <copyright>Copyright (c) 1996-2017 Texas Instruments Incorporated</copyright>
   <link_time>0x5a60a8c2</link_time>
   <link_errors>0x0</link_errors>
   <output_file>tm4c1294_bmp280.out</output_file>
   <entry_point>
      <name>_c_int00</name>
      <address>0x31d5</address>
   </entry_point>
   <input_file_list>
      <input_file id="fl-2">
         <path>.\</path>
         <kind>object</kind>
         <file>bmp280.obj</file>
         <name>bmp280.obj</name>
      </input_file>
      <input_file id="fl-3">
         <path>.\</path>
         <kind>object</kind>
         <file>main.obj</file>
         <name>main.obj</name>
      </input_file>
      <input_file id="fl-4">
         <path>.\</path>
         <kind>object</kind>
         <file>tm4c1294ncpdt_startup_ccs.obj</file>
         <name>tm4c1294ncpdt_startup_ccs.obj</name>
      </input_file>
      <input_file id="fl-a">
         <kind>object</kind>
         <file>&lt;internal&gt;</file>
         <name>&lt;internal&gt;</name>
      </input_file>
      <input_file id="fl-c0">
         <path>C:\ti\ccsv7\tools\compiler\ti-cgt-arm_16.9.6.LTS\lib\</path>
         <kind>archive</kind>
         <file>rtsv7M4_T_le_v4SPD16_eabi.lib</file>
         <name>boot.obj</name>
      </input_file>
      <input_file id="fl-c1">
         <path>C:\ti\ccsv7\tools\compiler\ti-cgt-arm_16.9.6.LTS\lib\</path>
         <kind>archive</kind>
         <file>rtsv7M4_T_le_v4SPD16_eabi.lib</file>
         <name>copy_decompress_lzss.obj</name>
      </input_file>
      <input_file id="fl-c2">
         <path>C:\ti\ccsv7\tools\compiler\ti-cgt-arm_16.9.6.LTS\lib\</path>
         <kind>archive</kind>
         <file>rtsv7M4_T_le_v4SPD16_eabi.lib</file>
         <name>copy_decompress_none.obj</name>
      </input_file>
      <input_file id="fl-c3">
         <path>C:\ti\ccsv7\tools\compiler\ti-cgt-arm_16.9.6.LTS\lib\</path>
         <kind>archive</kind>
         <file>rtsv7M4_T_le_v4SPD16_eabi.lib</file>
         <name>copy_zero_init.obj</name>
      </input_file>
      <input_file id="fl-c4">
         <path>C:\ti\ccsv7\tools\compiler\ti-cgt-arm_16.9.6.LTS\lib\</path>
         <kind>archive</kind>
         <file>rtsv7M4_T_le_v4SPD16_eabi.lib</file>
         <name>exit.obj</name>
      </input_file>
      <input_file id="fl-c5">
         <path>C:\ti\ccsv7\tools\compiler\ti-cgt-arm_16.9.6.LTS\lib\</path>
         <kind>archive</kind>
         <file>rtsv7M4_T_le_v4SPD16_eabi.lib</file>
         <name>fd_add_t2.obj</name>
      </input_file>
      <input_file id="fl-c6">
         <path>C:\ti\ccsv7\tools\compiler\ti-cgt-arm_16.9.6.LTS\lib\</path>
         <kind>archive</kind>
         <file>rtsv7M4_T_le_v4SPD16_eabi.lib</file>
         <name>fd_cmp_t2.obj</name>
      </input_file>
      <input_file id="fl-c7">
         <path>C:\ti\ccsv7\tools\compiler\ti-cgt-arm_16.9.6.LTS\lib\</path>
         <kind>archive</kind>
         <file>rtsv7M4_T_le_v4SPD16_eabi.lib</file>
         <name>fd_div_t2.obj</name>
      </input_file>
      <input_file id="fl-c8">
         <path>C:\ti\ccsv7\tools\compiler\ti-cgt-arm_16.9.6.LTS\lib\</path>
         <kind>archive</kind>
         <file>rtsv7M4_T_le_v4SPD16_eabi.lib</file>
         <name>fd_mul_t2.obj</name>
      </input_file>
      <input_file id="fl-c9">
         <path>C:\ti\ccsv7\tools\compiler\ti-cgt-arm_16.9.6.LTS\lib\</path>
         <kind>archive</kind>
         <file>rtsv7M4_T_le_v4SPD16_eabi.lib</file>
         <name>fd_toi_t2.obj</name>
      </input_file>
      <input_file id="fl-ca">
         <path>C:\ti\ccsv7\tools\compiler\ti-cgt-arm_16.9.6.LTS\lib\</path>
         <kind>archive</kind>
         <file>rtsv7M4_T_le_v4SPD16_eabi.lib</file>
         <name>fd_tos_t2.obj</name>
      </input_file>
      <input_file id="fl-cb">
         <path>C:\ti\ccsv7\tools\compiler\ti-cgt-arm_16.9.6.LTS\lib\</path>
         <kind>archive</kind>
         <file>rtsv7M4_T_le_v4SPD16_eabi.lib</file>
         <name>i_tofd_t2.obj</name>
      </input_file>
      <input_file id="fl-cc">
         <path>C:\ti\ccsv7\tools\compiler\ti-cgt-arm_16.9.6.LTS\lib\</path>
         <kind>archive</kind>
         <file>rtsv7M4_T_le_v4SPD16_eabi.lib</file>
         <name>ll_div_t2.obj</name>
      </input_file>
      <input_file id="fl-cd">
         <path>C:\ti\ccsv7\tools\compiler\ti-cgt-arm_16.9.6.LTS\lib\</path>
         <kind>archive</kind>
         <file>rtsv7M4_T_le_v4SPD16_eabi.lib</file>
         <name>ll_mul_t2.obj</name>
      </input_file>
      <input_file id="fl-ce">
         <path>C:\ti\ccsv7\tools\compiler\ti-cgt-arm_16.9.6.LTS\lib\</path>
         <kind>archive</kind>
         <file>rtsv7M4_T_le_v4SPD16_eabi.lib</file>
         <name>memcpy_t2.obj</name>
      </input_file>
      <input_file id="fl-cf">
         <path>C:\ti\ccsv7\tools\compiler\ti-cgt-arm_16.9.6.LTS\lib\</path>
         <kind>archive</kind>
         <file>rtsv7M4_T_le_v4SPD16_eabi.lib</file>
         <name>memset_t2.obj</name>
      </input_file>
      <input_file id="fl-d0">
         <path>C:\ti\ccsv7\tools\compiler\ti-cgt-arm_16.9.6.LTS\lib\</path>
         <kind>archive</kind>
         <file>rtsv7M4_T_le_v4SPD16_eabi.lib</file>
         <name>mpu_init.obj</name>
      </input_file>
      <input_file id="fl-d1">
         <path>C:\ti\ccsv7\tools\compiler\ti-cgt-arm_16.9.6.LTS\lib\</path>
         <kind>archive</kind>
         <file>rtsv7M4_T_le_v4SPD16_eabi.lib</file>
         <name>pre_init.obj</name>
      </input_file>
      <input_file id="fl-d2">
         <path>C:\ti\ccsv7\tools\compiler\ti-cgt-arm_16.9.6.LTS\lib\</path>
         <kind>archive</kind>
         <file>rtsv7M4_T_le_v4SPD16_eabi.lib</file>
         <name>stkdepth_vars.obj</name>
      </input_file>
      <input_file id="fl-d3">
         <path>C:\ti\ccsv7\tools\compiler\ti-cgt-arm_16.9.6.LTS\lib\</path>
         <kind>archive</kind>
         <file>rtsv7M4_T_le_v4SPD16_eabi.lib</file>
         <name>u_divt2.obj</name>
      </input_file>
      <input_file id="fl-d4">
         <path>C:\ti\ccsv7\tools\compiler\ti-cgt-arm_16.9.6.LTS\lib\</path>
         <kind>archive</kind>
         <file>rtsv7M4_T_le_v4SPD16_eabi.lib</file>
         <name>u_tofd_t2.obj</name>
      </input_file>
      <input_file id="fl-d5">
         <path>C:\ti\ccsv7\tools\compiler\ti-cgt-arm_16.9.6.LTS\lib\</path>
         <kind>archive</kind>
         <file>rtsv7M4_T_le_v4SPD16_eabi.lib</file>
         <name>_lock.obj</name>
      </input_file>
      <input_file id="fl-d6">
         <path>C:\ti\ccsv7\tools\compiler\ti-cgt-arm_16.9.6.LTS\lib\</path>
         <kind>archive</kind>
         <file>rtsv7M4_T_le_v4SPD16_eabi.lib</file>
         <name>args_main.obj</name>
      </input_file>
      <input_file id="fl-d7">
         <path>C:\ti\ccsv7\tools\compiler\ti-cgt-arm_16.9.6.LTS\lib\</path>
         <kind>archive</kind>
         <file>rtsv7M4_T_le_v4SPD16_eabi.lib</file>
         <name>autoinit.obj</name>
      </input_file>
      <input_file id="fl-d8">
         <path>C:\ti\ccsv7\tools\compiler\ti-cgt-arm_16.9.6.LTS\lib\</path>
         <kind>archive</kind>
         <file>rtsv7M4_T_le_v4SPD16_eabi.lib</file>
         <name>cpy_tbl.obj</name>
      </input_file>
      <input_file id="fl-d9">
         <path>C:\ti\ccsv7\tools\compiler\ti-cgt-arm_16.9.6.LTS\lib\</path>
         <kind>archive</kind>
         <file>rtsv7M4_T_le_v4SPD16_eabi.lib</file>
         <name>i_div0.obj</name>
      </input_file>
      <input_file id="fl-da">
         <path>C:\ti\ccsv7\tools\compiler\ti-cgt-arm_16.9.6.LTS\lib\</path>
         <kind>archive</kind>
         <file>rtsv7M4_T_le_v4SPD16_eabi.lib</file>
         <name>l_div0.obj</name>
      </input_file>
      <input_file id="fl-db">
         <path>C:\ti\ccsv7\tools\compiler\ti-cgt-arm_16.9.6.LTS\lib\</path>
         <kind>archive</kind>
         <file>rtsv7M4_T_le_v4SPD16_eabi.lib</file>
         <name>startup.obj</name>
      </input_file>
      <input_file id="fl-dc">
         <path>D:\TM4C1294\sensorlib\Debug\</path>
         <kind>archive</kind>
         <file>sensorlib.lib</file>
         <name>i2cm_drv.obj</name>
      </input_file>
      <input_file id="fl-dd">
         <path>D:\TM4C1294\driverlib\Debug\</path>
         <kind>archive</kind>
         <file>driverlib.lib</file>
         <name>gpio.obj</name>
      </input_file>
      <input_file id="fl-de">
         <path>D:\TM4C1294\driverlib\Debug\</path>
         <kind>archive</kind>
         <file>driverlib.lib</file>
         <name>i2c.obj</name>
      </input_file>
      <input_file id="fl-df">
         <path>D:\TM4C1294\driverlib\Debug\</path>
         <kind>archive</kind>
         <file>driverlib.lib</file>
         <name>interrupt.obj</name>
      </input_file>
      <input_file id="fl-e0">
         <path>D:\TM4C1294\driverlib\Debug\</path>
         <kind>archive</kind>
         <file>driverlib.lib</file>
         <name>sysctl.obj</name>
      </input_file>
      <input_file id="fl-e1">
         <path>D:\TM4C1294\driverlib\Debug\</path>
         <kind>archive</kind>
         <file>driverlib.lib</file>
         <name>uart.obj</name>
      </input_file>
      <input_file id="fl-e2">
         <path>D:\TM4C1294\driverlib\Debug\</path>
         <kind>archive</kind>
         <file>driverlib.lib</file>
         <name>cpu.obj</name>
      </input_file>
   </input_file_list>
   <object_component_list>
      <object_component id="oc-f">
         <name>.intvecs</name>
         <load_address>0x0</load_address>
         <run_address>0x0</run_address>
         <size>0x208</size>
         <input_file_ref idref="fl-4"/>
      </object_component>
      <object_component id="oc-ea">
         <name>.text</name>
         <load_address>0x208</load_address>
         <run_address>0x208</run_address>
         <size>0x1434</size>
         <input_file_ref idref="fl-2"/>
      </object_component>
      <object_component id="oc-31">
         <name>.text</name>
         <load_address>0x163c</load_address>
         <run_address>0x163c</run_address>
         <size>0xb48</size>
         <input_file_ref idref="fl-3"/>
      </object_component>
      <object_component id="oc-23f">
         <name>.text</name>
         <load_address>0x2184</load_address>
         <run_address>0x2184</run_address>
         <size>0x21e</size>
         <input_file_ref idref="fl-cc"/>
      </object_component>
      <object_component id="oc-174">
         <name>.text</name>
         <load_address>0x23a2</load_address>
         <run_address>0x23a2</run_address>
         <size>0x2</size>
         <input_file_ref idref="fl-d9"/>
      </object_component>
      <object_component id="oc-e4">
         <name>.text:SysCtlClockFreqSet</name>
         <load_address>0x23a4</load_address>
         <run_address>0x23a4</run_address>
         <size>0x200</size>
         <input_file_ref idref="fl-e0"/>
      </object_component>
      <object_component id="oc-226">
         <name>.text</name>
         <load_address>0x25a4</load_address>
         <run_address>0x25a4</run_address>
         <size>0x1b6</size>
         <input_file_ref idref="fl-c5"/>
      </object_component>
      <object_component id="oc-21c">
         <name>.text</name>
         <load_address>0x275a</load_address>
         <run_address>0x275a</run_address>
         <size>0x136</size>
         <input_file_ref idref="fl-c7"/>
      </object_component>
      <object_component id="oc-1d6">
         <name>.text:GPIOPadConfigSet</name>
         <load_address>0x2890</load_address>
         <run_address>0x2890</run_address>
         <size>0x132</size>
         <input_file_ref idref="fl-dd"/>
      </object_component>
      <object_component id="oc-f5">
         <name>.text</name>
         <load_address>0x29c2</load_address>
         <run_address>0x29c2</run_address>
         <size>0xfc</size>
         <input_file_ref idref="fl-c8"/>
      </object_component>
      <object_component id="oc-2c9">
         <name>.text</name>
         <load_address>0x2abe</load_address>
         <run_address>0x2abe</run_address>
         <size>0x2</size>
         <input_file_ref idref="fl-da"/>
      </object_component>
      <object_component id="oc-b2">
         <name>.text:I2CMIntHandler</name>
         <load_address>0x2ac0</load_address>
         <run_address>0x2ac0</run_address>
         <size>0xf2</size>
         <input_file_ref idref="fl-dc"/>
      </object_component>
      <object_component id="oc-45">
         <name>.text</name>
         <load_address>0x2bb2</load_address>
         <run_address>0x2bb2</run_address>
         <size>0x9c</size>
         <input_file_ref idref="fl-ce"/>
      </object_component>
      <object_component id="oc-1c3">
         <name>.text:I2CMStateIdle</name>
         <load_address>0x2c4e</load_address>
         <run_address>0x2c4e</run_address>
         <size>0x9a</size>
         <input_file_ref idref="fl-dc"/>
      </object_component>
      <object_component id="oc-249">
         <name>.text:I2CMCommand</name>
         <load_address>0x2ce8</load_address>
         <run_address>0x2ce8</run_address>
         <size>0x88</size>
         <input_file_ref idref="fl-dc"/>
      </object_component>
      <object_component id="oc-235">
         <name>.text:__aeabi_cdcmple</name>
         <load_address>0x2d70</load_address>
         <run_address>0x2d70</run_address>
         <size>0x86</size>
         <input_file_ref idref="fl-c6"/>
      </object_component>
      <object_component id="oc-230">
         <name>.text:__aeabi_cdrcmple</name>
         <load_address>0x2df6</load_address>
         <run_address>0x2df6</run_address>
         <size>0x86</size>
         <input_file_ref idref="fl-c6"/>
      </object_component>
      <object_component id="oc-51">
         <name>.text</name>
         <load_address>0x2e7c</load_address>
         <run_address>0x2e7c</run_address>
         <size>0x7a</size>
         <input_file_ref idref="fl-cf"/>
      </object_component>
      <object_component id="oc-5d">
         <name>.text</name>
         <load_address>0x2ef6</load_address>
         <run_address>0x2ef6</run_address>
         <size>0x2</size>
         <input_file_ref idref="fl-d0"/>
      </object_component>
      <object_component id="oc-69">
         <name>.text</name>
         <load_address>0x2ef8</load_address>
         <run_address>0x2ef8</run_address>
         <size>0x70</size>
         <input_file_ref idref="fl-d7"/>
      </object_component>
      <object_component id="oc-fa">
         <name>.text</name>
         <load_address>0x2f68</load_address>
         <run_address>0x2f68</run_address>
         <size>0x6e</size>
         <input_file_ref idref="fl-ca"/>
      </object_component>
      <object_component id="oc-14b">
         <name>.text</name>
         <load_address>0x2fd6</load_address>
         <run_address>0x2fd6</run_address>
         <size>0x2</size>
         <input_file_ref idref="fl-db"/>
      </object_component>
      <object_component id="oc-2d8">
         <name>.text:IntDisable</name>
         <load_address>0x2fd8</load_address>
         <run_address>0x2fd8</run_address>
         <size>0x68</size>
         <input_file_ref idref="fl-df"/>
      </object_component>
      <object_component id="oc-1ec">
         <name>.text:IntEnable</name>
         <load_address>0x3040</load_address>
         <run_address>0x3040</run_address>
         <size>0x68</size>
         <input_file_ref idref="fl-df"/>
      </object_component>
      <object_component id="oc-12">
         <name>.text:decompress:lzss</name>
         <load_address>0x30a8</load_address>
         <run_address>0x30a8</run_address>
         <size>0x68</size>
         <input_file_ref idref="fl-c1"/>
      </object_component>
      <object_component id="oc-2d2">
         <name>.text:IntIsEnabled</name>
         <load_address>0x3110</load_address>
         <run_address>0x3110</run_address>
         <size>0x64</size>
         <input_file_ref idref="fl-df"/>
      </object_component>
      <object_component id="oc-1b1">
         <name>.text:I2CMStateWritePause</name>
         <load_address>0x3174</load_address>
         <run_address>0x3174</run_address>
         <size>0x5e</size>
         <input_file_ref idref="fl-dc"/>
      </object_component>
      <object_component id="oc-24">
         <name>.text</name>
         <load_address>0x31d4</load_address>
         <run_address>0x31d4</run_address>
         <size>0x54</size>
         <input_file_ref idref="fl-c0"/>
      </object_component>
      <object_component id="oc-75">
         <name>.text</name>
         <load_address>0x3228</load_address>
         <run_address>0x3228</run_address>
         <size>0x54</size>
         <input_file_ref idref="fl-c4"/>
      </object_component>
      <object_component id="oc-1b7">
         <name>.text:I2CMStateWriteFinal</name>
         <load_address>0x327c</load_address>
         <run_address>0x327c</run_address>
         <size>0x50</size>
         <input_file_ref idref="fl-dc"/>
      </object_component>
      <object_component id="oc-b8">
         <name>.text:GPIOPinConfigure</name>
         <load_address>0x32cc</load_address>
         <run_address>0x32cc</run_address>
         <size>0x4c</size>
         <input_file_ref idref="fl-dd"/>
      </object_component>
      <object_component id="oc-1e6">
         <name>.text:I2CMasterInitExpClk</name>
         <load_address>0x3318</load_address>
         <run_address>0x3318</run_address>
         <size>0x4c</size>
         <input_file_ref idref="fl-de"/>
      </object_component>
      <object_component id="oc-145">
         <name>.text</name>
         <load_address>0x3364</load_address>
         <run_address>0x3364</run_address>
         <size>0x4c</size>
         <input_file_ref idref="fl-d8"/>
      </object_component>
      <object_component id="oc-19f">
         <name>.text:I2CMStateReadNext</name>
         <load_address>0x33b0</load_address>
         <run_address>0x33b0</run_address>
         <size>0x4a</size>
         <input_file_ref idref="fl-dc"/>
      </object_component>
      <object_component id="oc-1bd">
         <name>.text:I2CMStateWriteNext</name>
         <load_address>0x33fa</load_address>
         <run_address>0x33fa</run_address>
         <size>0x48</size>
         <input_file_ref idref="fl-dc"/>
      </object_component>
      <object_component id="oc-209">
         <name>.text:_SysCtlFrequencyGet</name>
         <load_address>0x3444</load_address>
         <run_address>0x3444</run_address>
         <size>0x48</size>
         <input_file_ref idref="fl-e0"/>
      </object_component>
      <object_component id="oc-22b">
         <name>.text</name>
         <load_address>0x348c</load_address>
         <run_address>0x348c</run_address>
         <size>0x48</size>
         <input_file_ref idref="fl-c9"/>
      </object_component>
      <object_component id="oc-8c">
         <name>.text:UARTConfigSetExpClk</name>
         <load_address>0x34d4</load_address>
         <run_address>0x34d4</run_address>
         <size>0x46</size>
         <input_file_ref idref="fl-e1"/>
      </object_component>
      <object_component id="oc-187">
         <name>.text:I2CMStateCallback</name>
         <load_address>0x351a</load_address>
         <run_address>0x351a</run_address>
         <size>0x44</size>
         <input_file_ref idref="fl-dc"/>
      </object_component>
      <object_component id="oc-199">
         <name>.text:I2CMStateReadFinal</name>
         <load_address>0x355e</load_address>
         <run_address>0x355e</run_address>
         <size>0x42</size>
         <input_file_ref idref="fl-dc"/>
      </object_component>
      <object_component id="oc-ad">
         <name>.text</name>
         <load_address>0x35a0</load_address>
         <run_address>0x35a0</run_address>
         <size>0x40</size>
         <input_file_ref idref="fl-d3"/>
      </object_component>
      <object_component id="oc-193">
         <name>.text:I2CMStateReadPause</name>
         <load_address>0x35e0</load_address>
         <run_address>0x35e0</run_address>
         <size>0x3e</size>
         <input_file_ref idref="fl-dc"/>
      </object_component>
      <object_component id="oc-80">
         <name>.text:SysCtlPeripheralPresent</name>
         <load_address>0x3620</load_address>
         <run_address>0x3620</run_address>
         <size>0x38</size>
         <input_file_ref idref="fl-e0"/>
      </object_component>
      <object_component id="oc-10f">
         <name>.text:I2CMRead</name>
         <load_address>0x3658</load_address>
         <run_address>0x3658</run_address>
         <size>0x36</size>
         <input_file_ref idref="fl-3"/>
      </object_component>
      <object_component id="oc-100">
         <name>.text:I2CMWrite</name>
         <load_address>0x368e</load_address>
         <run_address>0x368e</run_address>
         <size>0x36</size>
         <input_file_ref idref="fl-3"/>
      </object_component>
      <object_component id="oc-d7">
         <name>.text:I2CMInit</name>
         <load_address>0x36c4</load_address>
         <run_address>0x36c4</run_address>
         <size>0x34</size>
         <input_file_ref idref="fl-dc"/>
      </object_component>
      <object_component id="oc-86">
         <name>.text:SysCtlPeripheralEnable</name>
         <load_address>0x36f8</load_address>
         <run_address>0x36f8</run_address>
         <size>0x34</size>
         <input_file_ref idref="fl-e0"/>
      </object_component>
      <object_component id="oc-f0">
         <name>.text</name>
         <load_address>0x372c</load_address>
         <run_address>0x372c</run_address>
         <size>0x2e</size>
         <input_file_ref idref="fl-cb"/>
      </object_component>
      <object_component id="oc-1d0">
         <name>.text:GPIODirModeSet</name>
         <load_address>0x375a</load_address>
         <run_address>0x375a</run_address>
         <size>0x2c</size>
         <input_file_ref idref="fl-dd"/>
      </object_component>
      <object_component id="oc-1a5">
         <name>.text:I2CMStateReadFirst</name>
         <load_address>0x3786</load_address>
         <run_address>0x3786</run_address>
         <size>0x2a</size>
         <input_file_ref idref="fl-dc"/>
      </object_component>
      <object_component id="oc-1ab">
         <name>.text:I2CMStateReadOne</name>
         <load_address>0x37b0</load_address>
         <run_address>0x37b0</run_address>
         <size>0x20</size>
         <input_file_ref idref="fl-dc"/>
      </object_component>
      <object_component id="oc-163">
         <name>.text:UARTDisable</name>
         <load_address>0x37d0</load_address>
         <run_address>0x37d0</run_address>
         <size>0x20</size>
         <input_file_ref idref="fl-e1"/>
      </object_component>
      <object_component id="oc-203">
         <name>.text:_SysCtlMemTimingGet</name>
         <load_address>0x37f0</load_address>
         <run_address>0x37f0</run_address>
         <size>0x20</size>
         <input_file_ref idref="fl-e0"/>
      </object_component>
      <object_component id="oc-221">
         <name>.text</name>
         <load_address>0x3810</load_address>
         <run_address>0x3810</run_address>
         <size>0x20</size>
         <input_file_ref idref="fl-d4"/>
      </object_component>
      <object_component id="oc-18d">
         <name>.text:I2CMStateReadWait</name>
         <load_address>0x3830</load_address>
         <run_address>0x3830</run_address>
         <size>0x1a</size>
         <input_file_ref idref="fl-dc"/>
      </object_component>
      <object_component id="oc-6f">
         <name>.text</name>
         <load_address>0x384c</load_address>
         <run_address>0x384c</run_address>
         <size>0x18</size>
         <input_file_ref idref="fl-d6"/>
      </object_component>
      <object_component id="oc-23a">
         <name>.text</name>
         <load_address>0x3864</load_address>
         <run_address>0x3864</run_address>
         <size>0x18</size>
         <input_file_ref idref="fl-cd"/>
      </object_component>
      <object_component id="oc-cb">
         <name>.text:GPIOPinTypeI2C</name>
         <load_address>0x387c</load_address>
         <run_address>0x387c</run_address>
         <size>0x16</size>
         <input_file_ref idref="fl-dd"/>
      </object_component>
      <object_component id="oc-c5">
         <name>.text:GPIOPinTypeI2CSCL</name>
         <load_address>0x3892</load_address>
         <run_address>0x3892</run_address>
         <size>0x16</size>
         <input_file_ref idref="fl-dd"/>
      </object_component>
      <object_component id="oc-be">
         <name>.text:GPIOPinTypeUART</name>
         <load_address>0x38a8</load_address>
         <run_address>0x38a8</run_address>
         <size>0x16</size>
         <input_file_ref idref="fl-dd"/>
      </object_component>
      <object_component id="oc-92">
         <name>.text:UARTEnable</name>
         <load_address>0x38be</load_address>
         <run_address>0x38be</run_address>
         <size>0x14</size>
         <input_file_ref idref="fl-e1"/>
      </object_component>
      <object_component id="oc-269">
         <name>.text</name>
         <load_address>0x38d4</load_address>
         <run_address>0x38d4</run_address>
         <size>0x14</size>
         <input_file_ref idref="fl-d5"/>
      </object_component>
      <object_component id="oc-d1">
         <name>.text:IntMasterEnable</name>
         <load_address>0x38e8</load_address>
         <run_address>0x38e8</run_address>
         <size>0x10</size>
         <input_file_ref idref="fl-df"/>
      </object_component>
      <object_component id="oc-18">
         <name>.text:decompress:none</name>
         <load_address>0x38f8</load_address>
         <run_address>0x38f8</run_address>
         <size>0xe</size>
         <input_file_ref idref="fl-c2"/>
      </object_component>
      <object_component id="oc-1df">
         <name>.text:CPUcpsie</name>
         <load_address>0x3906</load_address>
         <run_address>0x3906</run_address>
         <size>0xc</size>
         <input_file_ref idref="fl-e2"/>
      </object_component>
      <object_component id="oc-2de">
         <name>.text:IntTrigger</name>
         <load_address>0x3914</load_address>
         <run_address>0x3914</run_address>
         <size>0xc</size>
         <input_file_ref idref="fl-df"/>
      </object_component>
      <object_component id="oc-1e">
         <name>.text:decompress:ZI</name>
         <load_address>0x3920</load_address>
         <run_address>0x3920</run_address>
         <size>0xc</size>
         <input_file_ref idref="fl-c3"/>
      </object_component>
      <object_component id="oc-2b">
         <name>.text</name>
         <load_address>0x392c</load_address>
         <run_address>0x392c</run_address>
         <size>0xc</size>
         <input_file_ref idref="fl-4"/>
      </object_component>
      <object_component id="oc-2a8">
         <name>.text:I2CMasterEnable</name>
         <load_address>0x3938</load_address>
         <run_address>0x3938</run_address>
         <size>0xa</size>
         <input_file_ref idref="fl-de"/>
      </object_component>
      <object_component id="oc-9e">
         <name>.text:UARTCharGet</name>
         <load_address>0x3942</load_address>
         <run_address>0x3942</run_address>
         <size>0xa</size>
         <input_file_ref idref="fl-e1"/>
      </object_component>
      <object_component id="oc-98">
         <name>.text:UARTCharPut</name>
         <load_address>0x394c</load_address>
         <run_address>0x394c</run_address>
         <size>0xa</size>
         <input_file_ref idref="fl-e1"/>
      </object_component>
      <object_component id="oc-17b">
         <name>.text:I2CMasterIntClear</name>
         <load_address>0x3956</load_address>
         <run_address>0x3956</run_address>
         <size>0x8</size>
         <input_file_ref idref="fl-de"/>
      </object_component>
      <object_component id="oc-1f2">
         <name>.text:I2CMasterIntEnableEx</name>
         <load_address>0x395e</load_address>
         <run_address>0x395e</run_address>
         <size>0x8</size>
         <input_file_ref idref="fl-de"/>
      </object_component>
      <object_component id="oc-28d">
         <name>.text:I2CMasterSlaveAddrSet</name>
         <load_address>0x3966</load_address>
         <run_address>0x3966</run_address>
         <size>0x8</size>
         <input_file_ref idref="fl-de"/>
      </object_component>
      <object_component id="oc-c4">
         <name>.text:SysCtlDelay</name>
         <load_address>0x396e</load_address>
         <run_address>0x396e</run_address>
         <size>0x6</size>
         <input_file_ref idref="fl-e0"/>
      </object_component>
      <object_component id="oc-181">
         <name>.text:I2CMasterControl</name>
         <load_address>0x3974</load_address>
         <run_address>0x3974</run_address>
         <size>0x4</size>
         <input_file_ref idref="fl-de"/>
      </object_component>
      <object_component id="oc-283">
         <name>.text:I2CMasterDataGet</name>
         <load_address>0x3978</load_address>
         <run_address>0x3978</run_address>
         <size>0x4</size>
         <input_file_ref idref="fl-de"/>
      </object_component>
      <object_component id="oc-295">
         <name>.text:I2CMasterDataPut</name>
         <load_address>0x397c</load_address>
         <run_address>0x397c</run_address>
         <size>0x4</size>
         <input_file_ref idref="fl-de"/>
      </object_component>
      <object_component id="oc-63">
         <name>.text</name>
         <load_address>0x3980</load_address>
         <run_address>0x3980</run_address>
         <size>0x4</size>
         <input_file_ref idref="fl-d1"/>
      </object_component>
      <object_component id="oc-212">
         <name>.const:g_pppui32XTALtoVCO</name>
         <load_address>0x3984</load_address>
         <run_address>0x3984</run_address>
         <size>0x1b0</size>
         <input_file_ref idref="fl-e0"/>
      </object_component>
      <object_component id="oc-1cb">
         <name>.const:g_pui32GPIOBaseAddrs</name>
         <load_address>0x3b34</load_address>
         <run_address>0x3b34</run_address>
         <size>0x90</size>
         <input_file_ref idref="fl-dd"/>
      </object_component>
      <object_component id="oc-20f">
         <name>.const:g_pui32Xtals</name>
         <load_address>0x3bc4</load_address>
         <run_address>0x3bc4</run_address>
         <size>0x6c</size>
         <input_file_ref idref="fl-e0"/>
      </object_component>
      <object_component id="oc-2b5">
         <name>.const:g_sXTALtoMEMTIM</name>
         <load_address>0x3c30</load_address>
         <run_address>0x3c30</run_address>
         <size>0x30</size>
         <input_file_ref idref="fl-e0"/>
      </object_component>
      <object_component id="oc-302">
         <name>.const:g_pui32Dii16Regs</name>
         <load_address>0x3c60</load_address>
         <run_address>0x3c60</run_address>
         <size>0x14</size>
         <input_file_ref idref="fl-df"/>
      </object_component>
      <object_component id="oc-2af">
         <name>.const:g_pui32EnRegs</name>
         <load_address>0x3c74</load_address>
         <run_address>0x3c74</run_address>
         <size>0x14</size>
         <input_file_ref idref="fl-df"/>
      </object_component>
      <object_component id="oc-1f9">
         <name>.const:.string</name>
         <load_address>0x3c88</load_address>
         <run_address>0x3c88</run_address>
         <size>0x12</size>
         <input_file_ref idref="fl-3"/>
      </object_component>
      <object_component id="oc-aa">
         <name>.const:g_ui32UARTBase</name>
         <load_address>0x3c9c</load_address>
         <run_address>0x3c9c</run_address>
         <size>0xc</size>
         <input_file_ref idref="fl-3"/>
      </object_component>
      <object_component id="oc-a4">
         <name>.const:g_ui32UARTPeriph</name>
         <load_address>0x3ca8</load_address>
         <run_address>0x3ca8</run_address>
         <size>0xc</size>
         <input_file_ref idref="fl-3"/>
      </object_component>
      <object_component id="oc-215">
         <name>.const:g_pui32VCOFrequencies</name>
         <load_address>0x3cb4</load_address>
         <run_address>0x3cb4</run_address>
         <size>0x8</size>
         <input_file_ref idref="fl-e0"/>
      </object_component>
      <object_component id="oc-dd">
         <name>.const</name>
         <load_address>0x3cbc</load_address>
         <run_address>0x3cbc</run_address>
         <size>0x4</size>
         <input_file_ref idref="fl-3"/>
      </object_component>
      <object_component id="oc-32a">
         <name>.cinit..data.load</name>
         <load_address>0x3cc0</load_address>
         <run_address>0x3cc0</run_address>
         <size>0x1f</size>
      </object_component>
      <object_component id="oc-328">
         <name>__TI_handler_table</name>
         <load_address>0x3ce0</load_address>
         <run_address>0x3ce0</run_address>
         <size>0xc</size>
      </object_component>
      <object_component id="oc-32b">
         <name>.cinit..bss.load</name>
         <load_address>0x3cf0</load_address>
         <run_address>0x3cf0</run_address>
         <size>0x8</size>
      </object_component>
      <object_component id="oc-329">
         <name>__TI_cinit_table</name>
         <load_address>0x3cf8</load_address>
         <run_address>0x3cf8</run_address>
         <size>0x10</size>
      </object_component>
      <object_component id="oc-a7">
         <name>.data</name>
         <load_address>0x20000378</load_address>
         <run_address>0x20000378</run_address>
         <size>0x2d</size>
         <input_file_ref idref="fl-3"/>
      </object_component>
      <object_component id="oc-155">
         <name>.data:$O1$$</name>
         <load_address>0x200003a8</load_address>
         <run_address>0x200003a8</run_address>
         <size>0xc</size>
         <input_file_ref idref="fl-c4"/>
      </object_component>
      <object_component id="oc-7b">
         <name>.data</name>
         <load_address>0x200003bc</load_address>
         <run_address>0x200003bc</run_address>
         <size>0x4</size>
         <input_file_ref idref="fl-d2"/>
      </object_component>
      <object_component id="oc-158">
         <name>.data:$O1$$</name>
         <load_address>0x200003b4</load_address>
         <run_address>0x200003b4</run_address>
         <size>0x8</size>
         <input_file_ref idref="fl-d5"/>
      </object_component>
      <object_component id="oc-219">
         <name>.bss</name>
         <uninitialized>true</uninitialized>
         <run_address>0x20000350</run_address>
         <size>0x4</size>
         <input_file_ref idref="fl-2"/>
      </object_component>
      <object_component id="oc-107">
         <name>.common:bmp280</name>
         <uninitialized>true</uninitialized>
         <run_address>0x20000324</run_address>
         <size>0x2c</size>
      </object_component>
      <object_component id="oc-ff">
         <name>.common:g_ui32SysClock</name>
         <uninitialized>true</uninitialized>
         <run_address>0x20000354</run_address>
         <size>0x4</size>
      </object_component>
      <object_component id="oc-e3">
         <name>.common:g_sI2CInst</name>
         <uninitialized>true</uninitialized>
         <run_address>0x20000200</run_address>
         <size>0x124</size>
      </object_component>
      <object_component id="oc-e0">
         <name>.common:g_vui8DataFlag</name>
         <uninitialized>true</uninitialized>
         <run_address>0x20000358</run_address>
         <size>0x4</size>
      </object_component>
      <object_component id="oc-108">
         <name>.common:temp</name>
         <uninitialized>true</uninitialized>
         <run_address>0x2000036c</run_address>
         <size>0x4</size>
      </object_component>
      <object_component id="oc-109">
         <name>.common:tempInt1</name>
         <uninitialized>true</uninitialized>
         <run_address>0x20000374</run_address>
         <size>0x4</size>
      </object_component>
      <object_component id="oc-10a">
         <name>.common:tempFrac</name>
         <uninitialized>true</uninitialized>
         <run_address>0x20000370</run_address>
         <size>0x4</size>
      </object_component>
      <object_component id="oc-10b">
         <name>.common:pres</name>
         <uninitialized>true</uninitialized>
         <run_address>0x2000035c</run_address>
         <size>0x4</size>
      </object_component>
      <object_component id="oc-10c">
         <name>.common:presInt1</name>
         <uninitialized>true</uninitialized>
         <run_address>0x20000364</run_address>
         <size>0x4</size>
      </object_component>
      <object_component id="oc-10d">
         <name>.common:presFrac</name>
         <uninitialized>true</uninitialized>
         <run_address>0x20000360</run_address>
         <size>0x4</size>
      </object_component>
      <object_component id="oc-10e">
         <name>.common:presInt2</name>
         <uninitialized>true</uninitialized>
         <run_address>0x20000368</run_address>
         <size>0x4</size>
      </object_component>
      <object_component id="oc-2a">
         <name>.stack</name>
         <uninitialized>true</uninitialized>
         <run_address>0x20000000</run_address>
         <size>0x0</size>
         <input_file_ref idref="fl-c0"/>
      </object_component>
      <object_component id="oc-32c">
         <name>.stack</name>
         <uninitialized>true</uninitialized>
         <run_address>0x20000000</run_address>
         <size>0x0</size>
      </object_component>
      <object_component id="oc-245">
         <name>.debug_info</name>
         <load_address>0x0</load_address>
         <run_address>0x0</run_address>
         <size>0x2ed</size>
         <input_file_ref idref="fl-2"/>
      </object_component>
      <object_component id="oc-21a">
         <name>.debug_info</name>
         <load_address>0x2ed</load_address>
         <run_address>0x2ed</run_address>
         <size>0xbf</size>
         <input_file_ref idref="fl-2"/>
      </object_component>
      <object_component id="oc-eb">
         <name>.debug_info</name>
         <load_address>0x3ac</load_address>
         <run_address>0x3ac</run_address>
         <size>0x27af</size>
         <input_file_ref idref="fl-2"/>
      </object_component>
      <object_component id="oc-40">
         <name>.debug_info</name>
         <load_address>0x2b5b</load_address>
         <run_address>0x2b5b</run_address>
         <size>0x84</size>
         <input_file_ref idref="fl-2"/>
      </object_component>
      <object_component id="oc-121">
         <name>.debug_info</name>
         <load_address>0x2bdf</load_address>
         <run_address>0x2bdf</run_address>
         <size>0x25e</size>
         <input_file_ref idref="fl-2"/>
      </object_component>
      <object_component id="oc-e1">
         <name>.debug_info</name>
         <load_address>0x2e3d</load_address>
         <run_address>0x2e3d</run_address>
         <size>0xb8f</size>
         <input_file_ref idref="fl-3"/>
      </object_component>
      <object_component id="oc-a8">
         <name>.debug_info</name>
         <load_address>0x39cc</load_address>
         <run_address>0x39cc</run_address>
         <size>0x31d</size>
         <input_file_ref idref="fl-3"/>
      </object_component>
      <object_component id="oc-de">
         <name>.debug_info</name>
         <load_address>0x3ce9</load_address>
         <run_address>0x3ce9</run_address>
         <size>0xbb</size>
         <input_file_ref idref="fl-3"/>
      </object_component>
      <object_component id="oc-ab">
         <name>.debug_info</name>
         <load_address>0x3da4</load_address>
         <run_address>0x3da4</run_address>
         <size>0xc9</size>
         <input_file_ref idref="fl-3"/>
      </object_component>
      <object_component id="oc-a5">
         <name>.debug_info</name>
         <load_address>0x3e6d</load_address>
         <run_address>0x3e6d</run_address>
         <size>0xcd</size>
         <input_file_ref idref="fl-3"/>
      </object_component>
      <object_component id="oc-101">
         <name>.debug_info</name>
         <load_address>0x3f3a</load_address>
         <run_address>0x3f3a</run_address>
         <size>0x267</size>
         <input_file_ref idref="fl-3"/>
      </object_component>
      <object_component id="oc-110">
         <name>.debug_info</name>
         <load_address>0x41a1</load_address>
         <run_address>0x41a1</run_address>
         <size>0x2d3</size>
         <input_file_ref idref="fl-3"/>
      </object_component>
      <object_component id="oc-32">
         <name>.debug_info</name>
         <load_address>0x4474</load_address>
         <run_address>0x4474</run_address>
         <size>0x14e7</size>
         <input_file_ref idref="fl-3"/>
      </object_component>
      <object_component id="oc-1fe">
         <name>.debug_info</name>
         <load_address>0x595b</load_address>
         <run_address>0x595b</run_address>
         <size>0x4e6</size>
         <input_file_ref idref="fl-3"/>
      </object_component>
      <object_component id="oc-11c">
         <name>.debug_info</name>
         <load_address>0x5e41</load_address>
         <run_address>0x5e41</run_address>
         <size>0x8b</size>
         <input_file_ref idref="fl-3"/>
      </object_component>
      <object_component id="oc-117">
         <name>.debug_info</name>
         <load_address>0x5ecc</load_address>
         <run_address>0x5ecc</run_address>
         <size>0x18b</size>
         <input_file_ref idref="fl-3"/>
      </object_component>
      <object_component id="oc-126">
         <name>.debug_info</name>
         <load_address>0x6057</load_address>
         <run_address>0x6057</run_address>
         <size>0x4e</size>
         <input_file_ref idref="fl-3"/>
      </object_component>
      <object_component id="oc-39">
         <name>.debug_info</name>
         <load_address>0x60a5</load_address>
         <run_address>0x60a5</run_address>
         <size>0x2b8</size>
         <input_file_ref idref="fl-4"/>
      </object_component>
      <object_component id="oc-10">
         <name>.debug_info</name>
         <load_address>0x635d</load_address>
         <run_address>0x635d</run_address>
         <size>0xdb</size>
         <input_file_ref idref="fl-4"/>
      </object_component>
      <object_component id="oc-2e">
         <name>.debug_info</name>
         <load_address>0x6438</load_address>
         <run_address>0x6438</run_address>
         <size>0x25a</size>
         <input_file_ref idref="fl-4"/>
      </object_component>
      <object_component id="oc-25">
         <name>.debug_info</name>
         <load_address>0x6692</load_address>
         <run_address>0x6692</run_address>
         <size>0x160</size>
         <input_file_ref idref="fl-c0"/>
      </object_component>
      <object_component id="oc-132">
         <name>.debug_info</name>
         <load_address>0x67f2</load_address>
         <run_address>0x67f2</run_address>
         <size>0x293</size>
         <input_file_ref idref="fl-c1"/>
      </object_component>
      <object_component id="oc-13">
         <name>.debug_info</name>
         <load_address>0x6a85</load_address>
         <run_address>0x6a85</run_address>
         <size>0x245</size>
         <input_file_ref idref="fl-c1"/>
      </object_component>
      <object_component id="oc-3b">
         <name>.debug_info</name>
         <load_address>0x6cca</load_address>
         <run_address>0x6cca</run_address>
         <size>0x60</size>
         <input_file_ref idref="fl-c1"/>
      </object_component>
      <object_component id="oc-12d">
         <name>.debug_info</name>
         <load_address>0x6d2a</load_address>
         <run_address>0x6d2a</run_address>
         <size>0x46</size>
         <input_file_ref idref="fl-c1"/>
      </object_component>
      <object_component id="oc-50">
         <name>.debug_info</name>
         <load_address>0x6d70</load_address>
         <run_address>0x6d70</run_address>
         <size>0x2da</size>
         <input_file_ref idref="fl-c2"/>
      </object_component>
      <object_component id="oc-1b">
         <name>.debug_info</name>
         <load_address>0x704a</load_address>
         <run_address>0x704a</run_address>
         <size>0x1df</size>
         <input_file_ref idref="fl-c2"/>
      </object_component>
      <object_component id="oc-4b">
         <name>.debug_info</name>
         <load_address>0x7229</load_address>
         <run_address>0x7229</run_address>
         <size>0x46</size>
         <input_file_ref idref="fl-c2"/>
      </object_component>
      <object_component id="oc-134">
         <name>.debug_info</name>
         <load_address>0x726f</load_address>
         <run_address>0x726f</run_address>
         <size>0x2c</size>
         <input_file_ref idref="fl-c2"/>
      </object_component>
      <object_component id="oc-5c">
         <name>.debug_info</name>
         <load_address>0x729b</load_address>
         <run_address>0x729b</run_address>
         <size>0x2c9</size>
         <input_file_ref idref="fl-c3"/>
      </object_component>
      <object_component id="oc-1f">
         <name>.debug_info</name>
         <load_address>0x7564</load_address>
         <run_address>0x7564</run_address>
         <size>0x1aa</size>
         <input_file_ref idref="fl-c3"/>
      </object_component>
      <object_component id="oc-57">
         <name>.debug_info</name>
         <load_address>0x770e</load_address>
         <run_address>0x770e</run_address>
         <size>0x46</size>
         <input_file_ref idref="fl-c3"/>
      </object_component>
      <object_component id="oc-13c">
         <name>.debug_info</name>
         <load_address>0x7754</load_address>
         <run_address>0x7754</run_address>
         <size>0x2c</size>
         <input_file_ref idref="fl-c3"/>
      </object_component>
      <object_component id="oc-15c">
         <name>.debug_info</name>
         <load_address>0x7780</load_address>
         <run_address>0x7780</run_address>
         <size>0x3ce</size>
         <input_file_ref idref="fl-c4"/>
      </object_component>
      <object_component id="oc-156">
         <name>.debug_info</name>
         <load_address>0x7b4e</load_address>
         <run_address>0x7b4e</run_address>
         <size>0x185</size>
         <input_file_ref idref="fl-c4"/>
      </object_component>
      <object_component id="oc-79">
         <name>.debug_info</name>
         <load_address>0x7cd3</load_address>
         <run_address>0x7cd3</run_address>
         <size>0x214</size>
         <input_file_ref idref="fl-c4"/>
      </object_component>
      <object_component id="oc-229">
         <name>.debug_info</name>
         <load_address>0x7ee7</load_address>
         <run_address>0x7ee7</run_address>
         <size>0x144</size>
         <input_file_ref idref="fl-c5"/>
      </object_component>
      <object_component id="oc-236">
         <name>.debug_info</name>
         <load_address>0x802b</load_address>
         <run_address>0x802b</run_address>
         <size>0x120</size>
         <input_file_ref idref="fl-c6"/>
      </object_component>
      <object_component id="oc-231">
         <name>.debug_info</name>
         <load_address>0x814b</load_address>
         <run_address>0x814b</run_address>
         <size>0x122</size>
         <input_file_ref idref="fl-c6"/>
      </object_component>
      <object_component id="oc-21e">
         <name>.debug_info</name>
         <load_address>0x826d</load_address>
         <run_address>0x826d</run_address>
         <size>0x132</size>
         <input_file_ref idref="fl-c7"/>
      </object_component>
      <object_component id="oc-f6">
         <name>.debug_info</name>
         <load_address>0x839f</load_address>
         <run_address>0x839f</run_address>
         <size>0x132</size>
         <input_file_ref idref="fl-c8"/>
      </object_component>
      <object_component id="oc-22c">
         <name>.debug_info</name>
         <load_address>0x84d1</load_address>
         <run_address>0x84d1</run_address>
         <size>0x126</size>
         <input_file_ref idref="fl-c9"/>
      </object_component>
      <object_component id="oc-fb">
         <name>.debug_info</name>
         <load_address>0x85f7</load_address>
         <run_address>0x85f7</run_address>
         <size>0x136</size>
         <input_file_ref idref="fl-ca"/>
      </object_component>
      <object_component id="oc-f2">
         <name>.debug_info</name>
         <load_address>0x872d</load_address>
         <run_address>0x872d</run_address>
         <size>0x124</size>
         <input_file_ref idref="fl-cb"/>
      </object_component>
      <object_component id="oc-242">
         <name>.debug_info</name>
         <load_address>0x8851</load_address>
         <run_address>0x8851</run_address>
         <size>0x13a</size>
         <input_file_ref idref="fl-cc"/>
      </object_component>
      <object_component id="oc-23b">
         <name>.debug_info</name>
         <load_address>0x898b</load_address>
         <run_address>0x898b</run_address>
         <size>0x11a</size>
         <input_file_ref idref="fl-cd"/>
      </object_component>
      <object_component id="oc-46">
         <name>.debug_info</name>
         <load_address>0x8aa5</load_address>
         <run_address>0x8aa5</run_address>
         <size>0x111</size>
         <input_file_ref idref="fl-ce"/>
      </object_component>
      <object_component id="oc-52">
         <name>.debug_info</name>
         <load_address>0x8bb6</load_address>
         <run_address>0x8bb6</run_address>
         <size>0x13f</size>
         <input_file_ref idref="fl-cf"/>
      </object_component>
      <object_component id="oc-5e">
         <name>.debug_info</name>
         <load_address>0x8cf5</load_address>
         <run_address>0x8cf5</run_address>
         <size>0x138</size>
         <input_file_ref idref="fl-d0"/>
      </object_component>
      <object_component id="oc-65">
         <name>.debug_info</name>
         <load_address>0x8e2d</load_address>
         <run_address>0x8e2d</run_address>
         <size>0x148</size>
         <input_file_ref idref="fl-d1"/>
      </object_component>
      <object_component id="oc-7c">
         <name>.debug_info</name>
         <load_address>0x8f75</load_address>
         <run_address>0x8f75</run_address>
         <size>0x109</size>
         <input_file_ref idref="fl-d2"/>
      </object_component>
      <object_component id="oc-ae">
         <name>.debug_info</name>
         <load_address>0x907e</load_address>
         <run_address>0x907e</run_address>
         <size>0x13a</size>
         <input_file_ref idref="fl-d3"/>
      </object_component>
      <object_component id="oc-224">
         <name>.debug_info</name>
         <load_address>0x91b8</load_address>
         <run_address>0x91b8</run_address>
         <size>0x126</size>
         <input_file_ref idref="fl-d4"/>
      </object_component>
      <object_component id="oc-271">
         <name>.debug_info</name>
         <load_address>0x92de</load_address>
         <run_address>0x92de</run_address>
         <size>0x2be</size>
         <input_file_ref idref="fl-d5"/>
      </object_component>
      <object_component id="oc-159">
         <name>.debug_info</name>
         <load_address>0x959c</load_address>
         <run_address>0x959c</run_address>
         <size>0x113</size>
         <input_file_ref idref="fl-d5"/>
      </object_component>
      <object_component id="oc-26a">
         <name>.debug_info</name>
         <load_address>0x96af</load_address>
         <run_address>0x96af</run_address>
         <size>0x21f</size>
         <input_file_ref idref="fl-d5"/>
      </object_component>
      <object_component id="oc-154">
         <name>.debug_info</name>
         <load_address>0x98ce</load_address>
         <run_address>0x98ce</run_address>
         <size>0x300</size>
         <input_file_ref idref="fl-d6"/>
      </object_component>
      <object_component id="oc-70">
         <name>.debug_info</name>
         <load_address>0x9bce</load_address>
         <run_address>0x9bce</run_address>
         <size>0x167</size>
         <input_file_ref idref="fl-d6"/>
      </object_component>
      <object_component id="oc-262">
         <name>.debug_info</name>
         <load_address>0x9d35</load_address>
         <run_address>0x9d35</run_address>
         <size>0x5e</size>
         <input_file_ref idref="fl-d6"/>
      </object_component>
      <object_component id="oc-152">
         <name>.debug_info</name>
         <load_address>0x9d93</load_address>
         <run_address>0x9d93</run_address>
         <size>0x483</size>
         <input_file_ref idref="fl-d7"/>
      </object_component>
      <object_component id="oc-6d">
         <name>.debug_info</name>
         <load_address>0xa216</load_address>
         <run_address>0xa216</run_address>
         <size>0x190</size>
         <input_file_ref idref="fl-d7"/>
      </object_component>
      <object_component id="oc-256">
         <name>.debug_info</name>
         <load_address>0xa3a6</load_address>
         <run_address>0xa3a6</run_address>
         <size>0x39</size>
         <input_file_ref idref="fl-d7"/>
      </object_component>
      <object_component id="oc-2ec">
         <name>.debug_info</name>
         <load_address>0xa3df</load_address>
         <run_address>0xa3df</run_address>
         <size>0x39</size>
         <input_file_ref idref="fl-d7"/>
      </object_component>
      <object_component id="oc-25b">
         <name>.debug_info</name>
         <load_address>0xa418</load_address>
         <run_address>0xa418</run_address>
         <size>0xcd</size>
         <input_file_ref idref="fl-d7"/>
      </object_component>
      <object_component id="oc-252">
         <name>.debug_info</name>
         <load_address>0xa4e5</load_address>
         <run_address>0xa4e5</run_address>
         <size>0x37a</size>
         <input_file_ref idref="fl-d8"/>
      </object_component>
      <object_component id="oc-147">
         <name>.debug_info</name>
         <load_address>0xa85f</load_address>
         <run_address>0xa85f</run_address>
         <size>0x183</size>
         <input_file_ref idref="fl-d8"/>
      </object_component>
      <object_component id="oc-2e7">
         <name>.debug_info</name>
         <load_address>0xa9e2</load_address>
         <run_address>0xa9e2</run_address>
         <size>0x2c</size>
         <input_file_ref idref="fl-d8"/>
      </object_component>
      <object_component id="oc-176">
         <name>.debug_info</name>
         <load_address>0xaa0e</load_address>
         <run_address>0xaa0e</run_address>
         <size>0x147</size>
         <input_file_ref idref="fl-d9"/>
      </object_component>
      <object_component id="oc-2ca">
         <name>.debug_info</name>
         <load_address>0xab55</load_address>
         <run_address>0xab55</run_address>
         <size>0x147</size>
         <input_file_ref idref="fl-da"/>
      </object_component>
      <object_component id="oc-14c">
         <name>.debug_info</name>
         <load_address>0xac9c</load_address>
         <run_address>0xac9c</run_address>
         <size>0x145</size>
         <input_file_ref idref="fl-db"/>
      </object_component>
      <object_component id="oc-1ca">
         <name>.debug_info</name>
         <load_address>0xade1</load_address>
         <run_address>0xade1</run_address>
         <size>0x57c</size>
         <input_file_ref idref="fl-dc"/>
      </object_component>
      <object_component id="oc-24b">
         <name>.debug_info</name>
         <load_address>0xb35d</load_address>
         <run_address>0xb35d</run_address>
         <size>0x3d3</size>
         <input_file_ref idref="fl-dc"/>
      </object_component>
      <object_component id="oc-188">
         <name>.debug_info</name>
         <load_address>0xb730</load_address>
         <run_address>0xb730</run_address>
         <size>0x27b</size>
         <input_file_ref idref="fl-dc"/>
      </object_component>
      <object_component id="oc-18e">
         <name>.debug_info</name>
         <load_address>0xb9ab</load_address>
         <run_address>0xb9ab</run_address>
         <size>0x1f0</size>
         <input_file_ref idref="fl-dc"/>
      </object_component>
      <object_component id="oc-194">
         <name>.debug_info</name>
         <load_address>0xbb9b</load_address>
         <run_address>0xbb9b</run_address>
         <size>0x209</size>
         <input_file_ref idref="fl-dc"/>
      </object_component>
      <object_component id="oc-19a">
         <name>.debug_info</name>
         <load_address>0xbda4</load_address>
         <run_address>0xbda4</run_address>
         <size>0x216</size>
         <input_file_ref idref="fl-dc"/>
      </object_component>
      <object_component id="oc-1a0">
         <name>.debug_info</name>
         <load_address>0xbfba</load_address>
         <run_address>0xbfba</run_address>
         <size>0x214</size>
         <input_file_ref idref="fl-dc"/>
      </object_component>
      <object_component id="oc-1a6">
         <name>.debug_info</name>
         <load_address>0xc1ce</load_address>
         <run_address>0xc1ce</run_address>
         <size>0x20e</size>
         <input_file_ref idref="fl-dc"/>
      </object_component>
      <object_component id="oc-1ac">
         <name>.debug_info</name>
         <load_address>0xc3dc</load_address>
         <run_address>0xc3dc</run_address>
         <size>0x20a</size>
         <input_file_ref idref="fl-dc"/>
      </object_component>
      <object_component id="oc-1b2">
         <name>.debug_info</name>
         <load_address>0xc5e6</load_address>
         <run_address>0xc5e6</run_address>
         <size>0x239</size>
         <input_file_ref idref="fl-dc"/>
      </object_component>
      <object_component id="oc-1b8">
         <name>.debug_info</name>
         <load_address>0xc81f</load_address>
         <run_address>0xc81f</run_address>
         <size>0x22f</size>
         <input_file_ref idref="fl-dc"/>
      </object_component>
      <object_component id="oc-1be">
         <name>.debug_info</name>
         <load_address>0xca4e</load_address>
         <run_address>0xca4e</run_address>
         <size>0x216</size>
         <input_file_ref idref="fl-dc"/>
      </object_component>
      <object_component id="oc-1c4">
         <name>.debug_info</name>
         <load_address>0xcc64</load_address>
         <run_address>0xcc64</run_address>
         <size>0x27c</size>
         <input_file_ref idref="fl-dc"/>
      </object_component>
      <object_component id="oc-b3">
         <name>.debug_info</name>
         <load_address>0xcee0</load_address>
         <run_address>0xcee0</run_address>
         <size>0x342</size>
         <input_file_ref idref="fl-dc"/>
      </object_component>
      <object_component id="oc-d9">
         <name>.debug_info</name>
         <load_address>0xd222</load_address>
         <run_address>0xd222</run_address>
         <size>0x29f</size>
         <input_file_ref idref="fl-dc"/>
      </object_component>
      <object_component id="oc-1cf">
         <name>.debug_info</name>
         <load_address>0xd4c1</load_address>
         <run_address>0xd4c1</run_address>
         <size>0x36b</size>
         <input_file_ref idref="fl-dd"/>
      </object_component>
      <object_component id="oc-1cc">
         <name>.debug_info</name>
         <load_address>0xd82c</load_address>
         <run_address>0xd82c</run_address>
         <size>0xf8</size>
         <input_file_ref idref="fl-dd"/>
      </object_component>
      <object_component id="oc-1d3">
         <name>.debug_info</name>
         <load_address>0xd924</load_address>
         <run_address>0xd924</run_address>
         <size>0x202</size>
         <input_file_ref idref="fl-dd"/>
      </object_component>
      <object_component id="oc-1d9">
         <name>.debug_info</name>
         <load_address>0xdb26</load_address>
         <run_address>0xdb26</run_address>
         <size>0x265</size>
         <input_file_ref idref="fl-dd"/>
      </object_component>
      <object_component id="oc-c1">
         <name>.debug_info</name>
         <load_address>0xdd8b</load_address>
         <run_address>0xdd8b</run_address>
         <size>0x1e1</size>
         <input_file_ref idref="fl-dd"/>
      </object_component>
      <object_component id="oc-c9">
         <name>.debug_info</name>
         <load_address>0xdf6c</load_address>
         <run_address>0xdf6c</run_address>
         <size>0x1e5</size>
         <input_file_ref idref="fl-dd"/>
      </object_component>
      <object_component id="oc-cf">
         <name>.debug_info</name>
         <load_address>0xe151</load_address>
         <run_address>0xe151</run_address>
         <size>0x1df</size>
         <input_file_ref idref="fl-dd"/>
      </object_component>
      <object_component id="oc-bc">
         <name>.debug_info</name>
         <load_address>0xe330</load_address>
         <run_address>0xe330</run_address>
         <size>0x1cf</size>
         <input_file_ref idref="fl-dd"/>
      </object_component>
      <object_component id="oc-280">
         <name>.debug_info</name>
         <load_address>0xe4ff</load_address>
         <run_address>0xe4ff</run_address>
         <size>0x35c</size>
         <input_file_ref idref="fl-de"/>
      </object_component>
      <object_component id="oc-28f">
         <name>.debug_info</name>
         <load_address>0xe85b</load_address>
         <run_address>0xe85b</run_address>
         <size>0x21d</size>
         <input_file_ref idref="fl-de"/>
      </object_component>
      <object_component id="oc-1f4">
         <name>.debug_info</name>
         <load_address>0xea78</load_address>
         <run_address>0xea78</run_address>
         <size>0x1e9</size>
         <input_file_ref idref="fl-de"/>
      </object_component>
      <object_component id="oc-17d">
         <name>.debug_info</name>
         <load_address>0xec61</load_address>
         <run_address>0xec61</run_address>
         <size>0x1a1</size>
         <input_file_ref idref="fl-de"/>
      </object_component>
      <object_component id="oc-2aa">
         <name>.debug_info</name>
         <load_address>0xee02</load_address>
         <run_address>0xee02</run_address>
         <size>0x19d</size>
         <input_file_ref idref="fl-de"/>
      </object_component>
      <object_component id="oc-1e8">
         <name>.debug_info</name>
         <load_address>0xef9f</load_address>
         <run_address>0xef9f</run_address>
         <size>0x237</size>
         <input_file_ref idref="fl-de"/>
      </object_component>
      <object_component id="oc-297">
         <name>.debug_info</name>
         <load_address>0xf1d6</load_address>
         <run_address>0xf1d6</run_address>
         <size>0x1cd</size>
         <input_file_ref idref="fl-de"/>
      </object_component>
      <object_component id="oc-285">
         <name>.debug_info</name>
         <load_address>0xf3a3</load_address>
         <run_address>0xf3a3</run_address>
         <size>0x1a3</size>
         <input_file_ref idref="fl-de"/>
      </object_component>
      <object_component id="oc-183">
         <name>.debug_info</name>
         <load_address>0xf546</load_address>
         <run_address>0xf546</run_address>
         <size>0x1cd</size>
         <input_file_ref idref="fl-de"/>
      </object_component>
      <object_component id="oc-2b3">
         <name>.debug_info</name>
         <load_address>0xf713</load_address>
         <run_address>0xf713</run_address>
         <size>0x339</size>
         <input_file_ref idref="fl-df"/>
      </object_component>
      <object_component id="oc-2b0">
         <name>.debug_info</name>
         <load_address>0xfa4c</load_address>
         <run_address>0xfa4c</run_address>
         <size>0xef</size>
         <input_file_ref idref="fl-df"/>
      </object_component>
      <object_component id="oc-303">
         <name>.debug_info</name>
         <load_address>0xfb3b</load_address>
         <run_address>0xfb3b</run_address>
         <size>0xf5</size>
         <input_file_ref idref="fl-df"/>
      </object_component>
      <object_component id="oc-2e2">
         <name>.debug_info</name>
         <load_address>0xfc30</load_address>
         <run_address>0xfc30</run_address>
         <size>0x1b9</size>
         <input_file_ref idref="fl-df"/>
      </object_component>
      <object_component id="oc-d5">
         <name>.debug_info</name>
         <load_address>0xfde9</load_address>
         <run_address>0xfde9</run_address>
         <size>0x18d</size>
         <input_file_ref idref="fl-df"/>
      </object_component>
      <object_component id="oc-2d6">
         <name>.debug_info</name>
         <load_address>0xff76</load_address>
         <run_address>0xff76</run_address>
         <size>0x1f0</size>
         <input_file_ref idref="fl-df"/>
      </object_component>
      <object_component id="oc-1f0">
         <name>.debug_info</name>
         <load_address>0x10166</load_address>
         <run_address>0x10166</run_address>
         <size>0x1b7</size>
         <input_file_ref idref="fl-df"/>
      </object_component>
      <object_component id="oc-2dc">
         <name>.debug_info</name>
         <load_address>0x1031d</load_address>
         <run_address>0x1031d</run_address>
         <size>0x1b9</size>
         <input_file_ref idref="fl-df"/>
      </object_component>
      <object_component id="oc-161">
         <name>.debug_info</name>
         <load_address>0x104d6</load_address>
         <run_address>0x104d6</run_address>
         <size>0x3c3</size>
         <input_file_ref idref="fl-e0"/>
      </object_component>
      <object_component id="oc-210">
         <name>.debug_info</name>
         <load_address>0x10899</load_address>
         <run_address>0x10899</run_address>
         <size>0xea</size>
         <input_file_ref idref="fl-e0"/>
      </object_component>
      <object_component id="oc-213">
         <name>.debug_info</name>
         <load_address>0x10983</load_address>
         <run_address>0x10983</run_address>
         <size>0xf6</size>
         <input_file_ref idref="fl-e0"/>
      </object_component>
      <object_component id="oc-2b6">
         <name>.debug_info</name>
         <load_address>0x10a79</load_address>
         <run_address>0x10a79</run_address>
         <size>0xf0</size>
         <input_file_ref idref="fl-e0"/>
      </object_component>
      <object_component id="oc-216">
         <name>.debug_info</name>
         <load_address>0x10b69</load_address>
         <run_address>0x10b69</run_address>
         <size>0xfd</size>
         <input_file_ref idref="fl-e0"/>
      </object_component>
      <object_component id="oc-81">
         <name>.debug_info</name>
         <load_address>0x10c66</load_address>
         <run_address>0x10c66</run_address>
         <size>0x1d2</size>
         <input_file_ref idref="fl-e0"/>
      </object_component>
      <object_component id="oc-87">
         <name>.debug_info</name>
         <load_address>0x10e38</load_address>
         <run_address>0x10e38</run_address>
         <size>0x1cc</size>
         <input_file_ref idref="fl-e0"/>
      </object_component>
      <object_component id="oc-204">
         <name>.debug_info</name>
         <load_address>0x11004</load_address>
         <run_address>0x11004</run_address>
         <size>0x1bf</size>
         <input_file_ref idref="fl-e0"/>
      </object_component>
      <object_component id="oc-20a">
         <name>.debug_info</name>
         <load_address>0x111c3</load_address>
         <run_address>0x111c3</run_address>
         <size>0x209</size>
         <input_file_ref idref="fl-e0"/>
      </object_component>
      <object_component id="oc-e5">
         <name>.debug_info</name>
         <load_address>0x113cc</load_address>
         <run_address>0x113cc</run_address>
         <size>0x3e9</size>
         <input_file_ref idref="fl-e0"/>
      </object_component>
      <object_component id="oc-277">
         <name>.debug_info</name>
         <load_address>0x117b5</load_address>
         <run_address>0x117b5</run_address>
         <size>0x51</size>
         <input_file_ref idref="fl-e0"/>
      </object_component>
      <object_component id="oc-16a">
         <name>.debug_info</name>
         <load_address>0x11806</load_address>
         <run_address>0x11806</run_address>
         <size>0x352</size>
         <input_file_ref idref="fl-e1"/>
      </object_component>
      <object_component id="oc-93">
         <name>.debug_info</name>
         <load_address>0x11b58</load_address>
         <run_address>0x11b58</run_address>
         <size>0x196</size>
         <input_file_ref idref="fl-e1"/>
      </object_component>
      <object_component id="oc-164">
         <name>.debug_info</name>
         <load_address>0x11cee</load_address>
         <run_address>0x11cee</run_address>
         <size>0x198</size>
         <input_file_ref idref="fl-e1"/>
      </object_component>
      <object_component id="oc-8d">
         <name>.debug_info</name>
         <load_address>0x11e86</load_address>
         <run_address>0x11e86</run_address>
         <size>0x275</size>
         <input_file_ref idref="fl-e1"/>
      </object_component>
      <object_component id="oc-99">
         <name>.debug_info</name>
         <load_address>0x120fb</load_address>
         <run_address>0x120fb</run_address>
         <size>0x1c2</size>
         <input_file_ref idref="fl-e1"/>
      </object_component>
      <object_component id="oc-9f">
         <name>.debug_info</name>
         <load_address>0x122bd</load_address>
         <run_address>0x122bd</run_address>
         <size>0x19c</size>
         <input_file_ref idref="fl-e1"/>
      </object_component>
      <object_component id="oc-1e1">
         <name>.debug_info</name>
         <load_address>0x12459</load_address>
         <run_address>0x12459</run_address>
         <size>0x161</size>
         <input_file_ref idref="fl-e2"/>
      </object_component>
      <object_component id="oc-32d">
         <name>.debug_info</name>
         <load_address>0x125ba</load_address>
         <run_address>0x125ba</run_address>
         <size>0x90</size>
      </object_component>
      <object_component id="oc-2d1">
         <name>.debug_line</name>
         <load_address>0x0</load_address>
         <run_address>0x0</run_address>
         <size>0x2f</size>
         <input_file_ref idref="fl-2"/>
      </object_component>
      <object_component id="oc-2c1">
         <name>.debug_line</name>
         <load_address>0x2f</load_address>
         <run_address>0x2f</run_address>
         <size>0x2f</size>
         <input_file_ref idref="fl-2"/>
      </object_component>
      <object_component id="oc-ee">
         <name>.debug_line</name>
         <load_address>0x5e</load_address>
         <run_address>0x5e</run_address>
         <size>0x687</size>
         <input_file_ref idref="fl-2"/>
      </object_component>
      <object_component id="oc-43">
         <name>.debug_line</name>
         <load_address>0x6e5</load_address>
         <run_address>0x6e5</run_address>
         <size>0x20</size>
         <input_file_ref idref="fl-2"/>
      </object_component>
      <object_component id="oc-124">
         <name>.debug_line</name>
         <load_address>0x705</load_address>
         <run_address>0x705</run_address>
         <size>0x2f</size>
         <input_file_ref idref="fl-2"/>
      </object_component>
      <object_component id="oc-1fd">
         <name>.debug_line</name>
         <load_address>0x734</load_address>
         <run_address>0x734</run_address>
         <size>0x155</size>
         <input_file_ref idref="fl-3"/>
      </object_component>
      <object_component id="oc-171">
         <name>.debug_line</name>
         <load_address>0x889</load_address>
         <run_address>0x889</run_address>
         <size>0x64</size>
         <input_file_ref idref="fl-3"/>
      </object_component>
      <object_component id="oc-1fb">
         <name>.debug_line</name>
         <load_address>0x8ed</load_address>
         <run_address>0x8ed</run_address>
         <size>0x57</size>
         <input_file_ref idref="fl-3"/>
      </object_component>
      <object_component id="oc-173">
         <name>.debug_line</name>
         <load_address>0x944</load_address>
         <run_address>0x944</run_address>
         <size>0x57</size>
         <input_file_ref idref="fl-3"/>
      </object_component>
      <object_component id="oc-16f">
         <name>.debug_line</name>
         <load_address>0x99b</load_address>
         <run_address>0x99b</run_address>
         <size>0x57</size>
         <input_file_ref idref="fl-3"/>
      </object_component>
      <object_component id="oc-104">
         <name>.debug_line</name>
         <load_address>0x9f2</load_address>
         <run_address>0x9f2</run_address>
         <size>0x72</size>
         <input_file_ref idref="fl-3"/>
      </object_component>
      <object_component id="oc-113">
         <name>.debug_line</name>
         <load_address>0xa64</load_address>
         <run_address>0xa64</run_address>
         <size>0x72</size>
         <input_file_ref idref="fl-3"/>
      </object_component>
      <object_component id="oc-35">
         <name>.debug_line</name>
         <load_address>0xad6</load_address>
         <run_address>0xad6</run_address>
         <size>0x513</size>
         <input_file_ref idref="fl-3"/>
      </object_component>
      <object_component id="oc-201">
         <name>.debug_line</name>
         <load_address>0xfe9</load_address>
         <run_address>0xfe9</run_address>
         <size>0x5a</size>
         <input_file_ref idref="fl-3"/>
      </object_component>
      <object_component id="oc-11f">
         <name>.debug_line</name>
         <load_address>0x1043</load_address>
         <run_address>0x1043</run_address>
         <size>0x20</size>
         <input_file_ref idref="fl-3"/>
      </object_component>
      <object_component id="oc-11a">
         <name>.debug_line</name>
         <load_address>0x1063</load_address>
         <run_address>0x1063</run_address>
         <size>0x65</size>
         <input_file_ref idref="fl-3"/>
      </object_component>
      <object_component id="oc-129">
         <name>.debug_line</name>
         <load_address>0x10c8</load_address>
         <run_address>0x10c8</run_address>
         <size>0x65</size>
         <input_file_ref idref="fl-3"/>
      </object_component>
      <object_component id="oc-12c">
         <name>.debug_line</name>
         <load_address>0x112d</load_address>
         <run_address>0x112d</run_address>
         <size>0x42</size>
         <input_file_ref idref="fl-4"/>
      </object_component>
      <object_component id="oc-38">
         <name>.debug_line</name>
         <load_address>0x116f</load_address>
         <run_address>0x116f</run_address>
         <size>0x42</size>
         <input_file_ref idref="fl-4"/>
      </object_component>
      <object_component id="oc-2d">
         <name>.debug_line</name>
         <load_address>0x11b1</load_address>
         <run_address>0x11b1</run_address>
         <size>0xa2</size>
         <input_file_ref idref="fl-4"/>
      </object_component>
      <object_component id="oc-28">
         <name>.debug_line</name>
         <load_address>0x1253</load_address>
         <run_address>0x1253</run_address>
         <size>0x53</size>
         <input_file_ref idref="fl-c0"/>
      </object_component>
      <object_component id="oc-250">
         <name>.debug_line</name>
         <load_address>0x12a6</load_address>
         <run_address>0x12a6</run_address>
         <size>0x20</size>
         <input_file_ref idref="fl-c1"/>
      </object_component>
      <object_component id="oc-16">
         <name>.debug_line</name>
         <load_address>0x12c6</load_address>
         <run_address>0x12c6</run_address>
         <size>0xa9</size>
         <input_file_ref idref="fl-c1"/>
      </object_component>
      <object_component id="oc-3e">
         <name>.debug_line</name>
         <load_address>0x136f</load_address>
         <run_address>0x136f</run_address>
         <size>0x3a</size>
         <input_file_ref idref="fl-c1"/>
      </object_component>
      <object_component id="oc-130">
         <name>.debug_line</name>
         <load_address>0x13a9</load_address>
         <run_address>0x13a9</run_address>
         <size>0x8a</size>
         <input_file_ref idref="fl-c1"/>
      </object_component>
      <object_component id="oc-13a">
         <name>.debug_line</name>
         <load_address>0x1433</load_address>
         <run_address>0x1433</run_address>
         <size>0x8a</size>
         <input_file_ref idref="fl-c2"/>
      </object_component>
      <object_component id="oc-1a">
         <name>.debug_line</name>
         <load_address>0x14bd</load_address>
         <run_address>0x14bd</run_address>
         <size>0x55</size>
         <input_file_ref idref="fl-c2"/>
      </object_component>
      <object_component id="oc-4e">
         <name>.debug_line</name>
         <load_address>0x1512</load_address>
         <run_address>0x1512</run_address>
         <size>0x3a</size>
         <input_file_ref idref="fl-c2"/>
      </object_component>
      <object_component id="oc-137">
         <name>.debug_line</name>
         <load_address>0x154c</load_address>
         <run_address>0x154c</run_address>
         <size>0x8a</size>
         <input_file_ref idref="fl-c2"/>
      </object_component>
      <object_component id="oc-142">
         <name>.debug_line</name>
         <load_address>0x15d6</load_address>
         <run_address>0x15d6</run_address>
         <size>0x8a</size>
         <input_file_ref idref="fl-c3"/>
      </object_component>
      <object_component id="oc-22">
         <name>.debug_line</name>
[...]
         <name>bmp280</name>
         <value>0x20000324</value>
      </symbol>
      <symbol id="sm-1ed">
         <name>g_ui32SysClock</name>
         <value>0x20000354</value>
      </symbol>
      <symbol id="sm-1ee">
         <name>g_sI2CInst</name>
         <value>0x20000200</value>
      </symbol>
      <symbol id="sm-1ef">
         <name>g_vui8DataFlag</name>
         <value>0x20000358</value>
      </symbol>
      <symbol id="sm-1f0">
         <name>temp</name>
         <value>0x2000036c</value>
      </symbol>
      <symbol id="sm-1f1">
         <name>tempInt1</name>
         <value>0x20000374</value>
      </symbol>
      <symbol id="sm-1f2">
         <name>tempFrac</name>
         <value>0x20000370</value>
      </symbol>
      <symbol id="sm-1f3">
         <name>pres</name>
         <value>0x2000035c</value>
      </symbol>
      <symbol id="sm-1f4">
         <name>presInt1</name>
         <value>0x20000364</value>
      </symbol>
      <symbol id="sm-1f5">
         <name>presFrac</name>
         <value>0x20000360</value>
      </symbol>
      <symbol id="sm-1f6">
         <name>presInt2</name>
         <value>0x20000368</value>
      </symbol>
      <symbol id="sm-1f7">
         <name>v_data_uncomp_tem_s32</name>
         <value>0x20000380</value>
         <object_component_ref idref="oc-a7"/>
      </symbol>
      <symbol id="sm-1f8">
         <name>UARTgetc</name>
         <value>0x1783</value>
         <object_component_ref idref="oc-31"/>
      </symbol>
      <symbol id="sm-1f9">
         <name>UARTgets</name>
         <value>0x16c9</value>
         <object_component_ref idref="oc-31"/>
      </symbol>
      <symbol id="sm-1fa">
         <name>v_data_uncomp_pres_combined_s32</name>
         <value>0x20000394</value>
         <object_component_ref idref="oc-a7"/>
      </symbol>
      <symbol id="sm-1fb">
         <name>ConfigureI2CDriver</name>
         <value>0x1b23</value>
         <object_component_ref idref="oc-31"/>
      </symbol>
      <symbol id="sm-1fc">
         <name>v_standby_time_u8</name>
         <value>0x2000037c</value>
         <object_component_ref idref="oc-a7"/>
      </symbol>
      <symbol id="sm-1fd">
         <name>UARTStdioConfig</name>
         <value>0x163d</value>
         <object_component_ref idref="oc-31"/>
      </symbol>
      <symbol id="sm-1fe">
         <name>v_data_uncomp_pres_s32</name>
         <value>0x20000384</value>
         <object_component_ref idref="oc-a7"/>
      </symbol>
      <symbol id="sm-1ff">
         <name>I2C_routine</name>
         <value>0x1dd5</value>
         <object_component_ref idref="oc-31"/>
      </symbol>
      <symbol id="sm-200">
         <name>BMP280_I2C_bus_read</name>
         <value>0x1fd5</value>
         <object_component_ref idref="oc-31"/>
      </symbol>
      <symbol id="sm-201">
         <name>v_data_uncomp_tem_combined_s32</name>
         <value>0x20000390</value>
         <object_component_ref idref="oc-a7"/>
      </symbol>
      <symbol id="sm-202">
         <name>v_actual_press_u32</name>
         <value>0x2000038c</value>
         <object_component_ref idref="oc-a7"/>
      </symbol>
      <symbol id="sm-203">
         <name>I2CMWrite</name>
         <value>0x368f</value>
         <object_component_ref idref="oc-100"/>
      </symbol>
      <symbol id="sm-204">
         <name>BMP280I2CIntHandler</name>
         <value>0x1add</value>
         <object_component_ref idref="oc-31"/>
      </symbol>
      <symbol id="sm-205">
         <name>main</name>
         <value>0x1bc5</value>
         <object_component_ref idref="oc-31"/>
      </symbol>
      <symbol id="sm-206">
         <name>ConfigureUART</name>
         <value>0x1ae7</value>
         <object_component_ref idref="oc-31"/>
      </symbol>
      <symbol id="sm-207">
         <name>v_actual_press_combined_u32</name>
         <value>0x2000039c</value>
         <object_component_ref idref="oc-a7"/>
      </symbol>
      <symbol id="sm-208">
         <name>I2CMRead</name>
         <value>0x3659</value>
         <object_component_ref idref="oc-10f"/>
      </symbol>
      <symbol id="sm-209">
         <name>com_rslt</name>
         <value>0x200003a0</value>
         <object_component_ref idref="oc-a7"/>
      </symbol>
      <symbol id="sm-20a">
         <name>v_actual_temp_combined_s32</name>
         <value>0x20000398</value>
         <object_component_ref idref="oc-a7"/>
      </symbol>
      <symbol id="sm-20b">
         <name>UARTwrite</name>
         <value>0x1683</value>
         <object_component_ref idref="oc-31"/>
      </symbol>
      <symbol id="sm-20c">
         <name>BMP280_I2C_bus_write</name>
         <value>0x1e29</value>
         <object_component_ref idref="oc-31"/>
      </symbol>
      <symbol id="sm-20d">
         <name>v_actual_temp_s32</name>
         <value>0x20000388</value>
         <object_component_ref idref="oc-a7"/>
      </symbol>
      <symbol id="sm-20e">
         <name>BMP280_delay_msek</name>
         <value>0x20a7</value>
         <object_component_ref idref="oc-31"/>
      </symbol>
      <symbol id="sm-20f">
         <name>UARTprintf</name>
         <value>0x1aa3</value>
         <object_component_ref idref="oc-31"/>
      </symbol>
      <symbol id="sm-210">
         <name>UARTvprintf</name>
         <value>0x17a9</value>
         <object_component_ref idref="oc-31"/>
      </symbol>
      <symbol id="sm-211">
         <name>BMP280AppCallback</name>
         <value>0x1ac7</value>
         <object_component_ref idref="oc-31"/>
      </symbol>
      <symbol id="sm-22d">
         <name>ResetISR</name>
         <value>0x392d</value>
         <object_component_ref idref="oc-2b"/>
      </symbol>
      <symbol id="sm-22e">
         <name>g_pfnVectors</name>
         <value>0x0</value>
         <object_component_ref idref="oc-f"/>
      </symbol>
      <symbol id="sm-23f">
         <name>_c_int00</name>
         <value>0x31d5</value>
         <object_component_ref idref="oc-24"/>
      </symbol>
      <symbol id="sm-240">
         <name>__stack</name>
         <value>0x20000000</value>
         <object_component_ref idref="oc-2a"/>
      </symbol>
      <symbol id="sm-25e">
         <name>__TI_decompress_lzss</name>
         <value>0x30a9</value>
         <object_component_ref idref="oc-12"/>
      </symbol>
      <symbol id="sm-275">
         <name>__TI_decompress_none</name>
         <value>0x38f9</value>
         <object_component_ref idref="oc-18"/>
      </symbol>
      <symbol id="sm-28c">
         <name>__TI_zero_init</name>
         <value>0x3921</value>
         <object_component_ref idref="oc-1e"/>
      </symbol>
      <symbol id="sm-2ad">
         <name>C$$EXIT</name>
         <value>0x3229</value>
         <object_component_ref idref="oc-75"/>
      </symbol>
      <symbol id="sm-2ae">
         <name>abort</name>
         <value>0x322d</value>
         <object_component_ref idref="oc-75"/>
      </symbol>
      <symbol id="sm-2af">
         <name>exit</name>
         <value>0x3235</value>
         <object_component_ref idref="oc-75"/>
      </symbol>
      <symbol id="sm-2b0">
         <name>__TI_dtors_ptr</name>
         <value>0x200003ac</value>
         <object_component_ref idref="oc-155"/>
      </symbol>
      <symbol id="sm-2b1">
         <name>__TI_cleanup_ptr</name>
         <value>0x200003a8</value>
         <object_component_ref idref="oc-155"/>
      </symbol>
      <symbol id="sm-2b2">
         <name>__TI_enable_exit_profile_output</name>
         <value>0x200003b0</value>
         <object_component_ref idref="oc-155"/>
      </symbol>
      <symbol id="sm-2c9">
         <name>__aeabi_dsub</name>
         <value>0x25a5</value>
         <object_component_ref idref="oc-226"/>
      </symbol>
      <symbol id="sm-2ca">
         <name>__aeabi_dadd</name>
         <value>0x25af</value>
         <object_component_ref idref="oc-226"/>
      </symbol>
      <symbol id="sm-2ec">
         <name>__aeabi_cdcmpeq</name>
         <value>0x2d71</value>
         <object_component_ref idref="oc-235"/>
      </symbol>
      <symbol id="sm-2ed">
         <name>__aeabi_cdcmple</name>
         <value>0x2d71</value>
         <object_component_ref idref="oc-235"/>
      </symbol>
      <symbol id="sm-2ee">
         <name>__aeabi_cdrcmple</name>
         <value>0x2df7</value>
         <object_component_ref idref="oc-230"/>
      </symbol>
      <symbol id="sm-302">
         <name>__aeabi_ddiv</name>
         <value>0x275b</value>
         <object_component_ref idref="oc-21c"/>
      </symbol>
      <symbol id="sm-30d">
         <name>__aeabi_dmul</name>
         <value>0x29c3</value>
         <object_component_ref idref="oc-f5"/>
      </symbol>
      <symbol id="sm-317">
         <name>__aeabi_d2iz</name>
         <value>0x348d</value>
         <object_component_ref idref="oc-22b"/>
      </symbol>
      <symbol id="sm-323">
         <name>__aeabi_d2f</name>
         <value>0x2f69</value>
         <object_component_ref idref="oc-fa"/>
      </symbol>
      <symbol id="sm-32d">
         <name>__aeabi_i2d</name>
         <value>0x372d</value>
         <object_component_ref idref="oc-f0"/>
      </symbol>
      <symbol id="sm-34c">
         <name>__aeabi_ldivmod</name>
         <value>0x2185</value>
         <object_component_ref idref="oc-23f"/>
      </symbol>
      <symbol id="sm-355">
         <name>__aeabi_lmul</name>
         <value>0x3865</value>
         <object_component_ref idref="oc-23a"/>
      </symbol>
      <symbol id="sm-370">
         <name>memcpy</name>
         <value>0x2bb3</value>
         <object_component_ref idref="oc-45"/>
      </symbol>
      <symbol id="sm-371">
         <name>__aeabi_memcpy</name>
         <value>0x2bb3</value>
         <object_component_ref idref="oc-45"/>
      </symbol>
      <symbol id="sm-372">
         <name>__aeabi_memcpy8</name>
         <value>0x2bb3</value>
         <object_component_ref idref="oc-45"/>
      </symbol>
      <symbol id="sm-373">
         <name>__aeabi_memcpy4</name>
         <value>0x2bb3</value>
         <object_component_ref idref="oc-45"/>
      </symbol>
      <symbol id="sm-382">
         <name>__aeabi_memset</name>
         <value>0x2e7f</value>
         <object_component_ref idref="oc-51"/>
      </symbol>
      <symbol id="sm-383">
         <name>memset</name>
         <value>0x2e85</value>
         <object_component_ref idref="oc-51"/>
      </symbol>
      <symbol id="sm-384">
         <name>__aeabi_memset8</name>
         <value>0x2e7f</value>
         <object_component_ref idref="oc-51"/>
      </symbol>
      <symbol id="sm-385">
         <name>__aeabi_memset4</name>
         <value>0x2e7f</value>
         <object_component_ref idref="oc-51"/>
      </symbol>
      <symbol id="sm-386">
         <name>__aeabi_memclr8</name>
         <value>0x2e7d</value>
         <object_component_ref idref="oc-51"/>
      </symbol>
      <symbol id="sm-387">
         <name>__aeabi_memclr4</name>
         <value>0x2e7d</value>
         <object_component_ref idref="oc-51"/>
      </symbol>
      <symbol id="sm-388">
         <name>__aeabi_memclr</name>
         <value>0x2e7d</value>
         <object_component_ref idref="oc-51"/>
      </symbol>
      <symbol id="sm-392">
         <name>__mpu_init</name>
         <value>0x2ef7</value>
         <object_component_ref idref="oc-5d"/>
      </symbol>
      <symbol id="sm-39c">
         <name>_system_pre_init</name>
         <value>0x3981</value>
         <object_component_ref idref="oc-63"/>
      </symbol>
      <symbol id="sm-3a4">
         <name>main_func_sp</name>
         <value>0x200003bc</value>
         <object_component_ref idref="oc-7b"/>
      </symbol>
      <symbol id="sm-3b3">
         <name>__aeabi_uidivmod</name>
         <value>0x35a1</value>
         <object_component_ref idref="oc-ad"/>
      </symbol>
      <symbol id="sm-3b4">
         <name>__aeabi_uidiv</name>
         <value>0x35a1</value>
         <object_component_ref idref="oc-ad"/>
      </symbol>
      <symbol id="sm-3be">
         <name>__aeabi_ui2d</name>
         <value>0x3811</value>
         <object_component_ref idref="oc-221"/>
      </symbol>
      <symbol id="sm-3d7">
         <name>_nop</name>
         <value>0x38e3</value>
         <object_component_ref idref="oc-269"/>
      </symbol>
      <symbol id="sm-3d8">
         <name>_lock</name>
         <value>0x200003b4</value>
         <object_component_ref idref="oc-158"/>
      </symbol>
      <symbol id="sm-3d9">
         <name>_unlock</name>
         <value>0x200003b8</value>
         <object_component_ref idref="oc-158"/>
      </symbol>
      <symbol id="sm-3da">
         <name>_register_lock</name>
         <value>0x38db</value>
         <object_component_ref idref="oc-269"/>
      </symbol>
      <symbol id="sm-3db">
         <name>_register_unlock</name>
         <value>0x38d5</value>
         <object_component_ref idref="oc-269"/>
      </symbol>
      <symbol id="sm-3ef">
         <name>_args_main</name>
         <value>0x384d</value>
         <object_component_ref idref="oc-6f"/>
      </symbol>
      <symbol id="sm-419">
         <name>__TI_auto_init</name>
         <value>0x2ef9</value>
         <object_component_ref idref="oc-69"/>
      </symbol>
      <symbol id="sm-433">
         <name>copy_in</name>
         <value>0x3365</value>
         <object_component_ref idref="oc-145"/>
      </symbol>
      <symbol id="sm-43d">
         <name>__aeabi_idiv0</name>
         <value>0x23a3</value>
         <object_component_ref idref="oc-174"/>
      </symbol>
      <symbol id="sm-447">
         <name>__aeabi_ldiv0</name>
         <value>0x2abf</value>
         <object_component_ref idref="oc-2c9"/>
      </symbol>
      <symbol id="sm-451">
         <name>_system_post_cinit</name>
         <value>0x2fd7</value>
         <object_component_ref idref="oc-14b"/>
      </symbol>
      <symbol id="sm-504">
         <name>I2CMCommand</name>
         <value>0x2ce9</value>
         <object_component_ref idref="oc-249"/>
      </symbol>
      <symbol id="sm-505">
         <name>I2CMInit</name>
         <value>0x36c5</value>
         <object_component_ref idref="oc-d7"/>
      </symbol>
      <symbol id="sm-506">
         <name>I2CMIntHandler</name>
         <value>0x2ac1</value>
         <object_component_ref idref="oc-b2"/>
      </symbol>
      <symbol id="sm-549">
         <name>GPIOPinConfigure</name>
         <value>0x32cd</value>
         <object_component_ref idref="oc-b8"/>
      </symbol>
      <symbol id="sm-54a">
         <name>GPIOPinTypeI2CSCL</name>
         <value>0x3893</value>
         <object_component_ref idref="oc-c5"/>
      </symbol>
      <symbol id="sm-54b">
         <name>GPIOPinTypeI2C</name>
         <value>0x387d</value>
         <object_component_ref idref="oc-cb"/>
      </symbol>
      <symbol id="sm-54c">
         <name>GPIOPinTypeUART</name>
         <value>0x38a9</value>
         <object_component_ref idref="oc-be"/>
      </symbol>
      <symbol id="sm-54d">
         <name>GPIODirModeSet</name>
         <value>0x375b</value>
         <object_component_ref idref="oc-1d0"/>
      </symbol>
      <symbol id="sm-54e">
         <name>GPIOPadConfigSet</name>
         <value>0x2891</value>
         <object_component_ref idref="oc-1d6"/>
      </symbol>
      <symbol id="sm-598">
         <name>I2CMasterDataPut</name>
         <value>0x397d</value>
         <object_component_ref idref="oc-295"/>
      </symbol>
      <symbol id="sm-599">
         <name>I2CMasterInitExpClk</name>
         <value>0x3319</value>
         <object_component_ref idref="oc-1e6"/>
      </symbol>
      <symbol id="sm-59a">
         <name>I2CMasterSlaveAddrSet</name>
         <value>0x3967</value>
         <object_component_ref idref="oc-28d"/>
      </symbol>
      <symbol id="sm-59b">
         <name>I2CMasterDataGet</name>
         <value>0x3979</value>
         <object_component_ref idref="oc-283"/>
      </symbol>
      <symbol id="sm-59c">
         <name>I2CMasterIntEnableEx</name>
         <value>0x395f</value>
         <object_component_ref idref="oc-1f2"/>
      </symbol>
      <symbol id="sm-59d">
         <name>I2CMasterControl</name>
         <value>0x3975</value>
         <object_component_ref idref="oc-181"/>
      </symbol>
      <symbol id="sm-59e">
         <name>I2CMasterEnable</name>
         <value>0x3939</value>
         <object_component_ref idref="oc-2a8"/>
      </symbol>
      <symbol id="sm-59f">
         <name>I2CMasterIntClear</name>
         <value>0x3957</value>
         <object_component_ref idref="oc-17b"/>
      </symbol>
      <symbol id="sm-5fc">
         <name>IntIsEnabled</name>
         <value>0x3111</value>
         <object_component_ref idref="oc-2d2"/>
      </symbol>
      <symbol id="sm-5fd">
         <name>IntEnable</name>
         <value>0x3041</value>
         <object_component_ref idref="oc-1ec"/>
      </symbol>
      <symbol id="sm-5fe">
         <name>IntTrigger</name>
         <value>0x3915</value>
         <object_component_ref idref="oc-2de"/>
      </symbol>
      <symbol id="sm-5ff">
         <name>IntDisable</name>
         <value>0x2fd9</value>
         <object_component_ref idref="oc-2d8"/>
      </symbol>
      <symbol id="sm-600">
         <name>IntMasterEnable</name>
         <value>0x38e9</value>
         <object_component_ref idref="oc-d1"/>
      </symbol>
      <symbol id="sm-67b">
         <name>SysCtlPeripheralPresent</name>
         <value>0x3621</value>
         <object_component_ref idref="oc-80"/>
      </symbol>
      <symbol id="sm-67c">
         <name>SysCtlDelay</name>
         <value>0x396f</value>
         <object_component_ref idref="oc-c4"/>
      </symbol>
      <symbol id="sm-67d">
         <name>SysCtlPeripheralEnable</name>
         <value>0x36f9</value>
         <object_component_ref idref="oc-86"/>
      </symbol>
      <symbol id="sm-67e">
         <name>SysCtlClockFreqSet</name>
         <value>0x23a5</value>
         <object_component_ref idref="oc-e4"/>
      </symbol>
      <symbol id="sm-6b1">
         <name>UARTConfigSetExpClk</name>
         <value>0x34d5</value>
         <object_component_ref idref="oc-8c"/>
      </symbol>
      <symbol id="sm-6b2">
         <name>UARTDisable</name>
         <value>0x37d1</value>
         <object_component_ref idref="oc-163"/>
      </symbol>
      <symbol id="sm-6b3">
         <name>UARTCharPut</name>
         <value>0x394d</value>
         <object_component_ref idref="oc-98"/>
      </symbol>
      <symbol id="sm-6b4">
         <name>UARTEnable</name>
         <value>0x38bf</value>
         <object_component_ref idref="oc-92"/>
      </symbol>
      <symbol id="sm-6b5">
         <name>UARTCharGet</name>
         <value>0x3943</value>
         <object_component_ref idref="oc-9e"/>
      </symbol>
      <symbol id="sm-6bf">
         <name>CPUcpsie</name>
         <value>0x3907</value>
         <object_component_ref idref="oc-1df"/>
      </symbol>
      <symbol id="sm-6c0">
         <name>__TI_static_base__</name>
         <value>0x0</value>
      </symbol>
      <symbol id="sm-6c3">
         <name>SHT$$INIT_ARRAY$$Limit</name>
         <value>0x0</value>
      </symbol>
      <symbol id="sm-6c4">
         <name>SHT$$INIT_ARRAY$$Base</name>
         <value>0x0</value>
      </symbol>
   </symbol_table>
   <title>Link successful</title>
</link_info>
